Archive member included to satisfy reference by file (symbol)

/opt/st/stm32cubeide_1.3.0_2/plugins/com.st.stm32cube.ide.mcu.externaltools.gnu-tools-for-stm32.7-2018-q2-update.linux64_1.0.0.201904181610/tools/bin/../lib/gcc/arm-none-eabi/7.3.1/../../../../arm-none-eabi/lib/thumb/v7e-m/fpv4-sp/hard/libc_nano.a(lib_a-errno.o)
                              Core/Src/syscalls.o (__errno)
/opt/st/stm32cubeide_1.3.0_2/plugins/com.st.stm32cube.ide.mcu.externaltools.gnu-tools-for-stm32.7-2018-q2-update.linux64_1.0.0.201904181610/tools/bin/../lib/gcc/arm-none-eabi/7.3.1/../../../../arm-none-eabi/lib/thumb/v7e-m/fpv4-sp/hard/libc_nano.a(lib_a-exit.o)
                              /opt/st/stm32cubeide_1.3.0_2/plugins/com.st.stm32cube.ide.mcu.externaltools.gnu-tools-for-stm32.7-2018-q2-update.linux64_1.0.0.201904181610/tools/bin/../lib/gcc/arm-none-eabi/7.3.1/../../../../arm-none-eabi/lib/thumb/v7e-m/fpv4-sp/hard/crt0.o (exit)
/opt/st/stm32cubeide_1.3.0_2/plugins/com.st.stm32cube.ide.mcu.externaltools.gnu-tools-for-stm32.7-2018-q2-update.linux64_1.0.0.201904181610/tools/bin/../lib/gcc/arm-none-eabi/7.3.1/../../../../arm-none-eabi/lib/thumb/v7e-m/fpv4-sp/hard/libc_nano.a(lib_a-impure.o)
                              /opt/st/stm32cubeide_1.3.0_2/plugins/com.st.stm32cube.ide.mcu.externaltools.gnu-tools-for-stm32.7-2018-q2-update.linux64_1.0.0.201904181610/tools/bin/../lib/gcc/arm-none-eabi/7.3.1/../../../../arm-none-eabi/lib/thumb/v7e-m/fpv4-sp/hard/libc_nano.a(lib_a-exit.o) (_global_impure_ptr)
/opt/st/stm32cubeide_1.3.0_2/plugins/com.st.stm32cube.ide.mcu.externaltools.gnu-tools-for-stm32.7-2018-q2-update.linux64_1.0.0.201904181610/tools/bin/../lib/gcc/arm-none-eabi/7.3.1/../../../../arm-none-eabi/lib/thumb/v7e-m/fpv4-sp/hard/libc_nano.a(lib_a-init.o)
                              /opt/st/stm32cubeide_1.3.0_2/plugins/com.st.stm32cube.ide.mcu.externaltools.gnu-tools-for-stm32.7-2018-q2-update.linux64_1.0.0.201904181610/tools/bin/../lib/gcc/arm-none-eabi/7.3.1/../../../../arm-none-eabi/lib/thumb/v7e-m/fpv4-sp/hard/crt0.o (__libc_init_array)
/opt/st/stm32cubeide_1.3.0_2/plugins/com.st.stm32cube.ide.mcu.externaltools.gnu-tools-for-stm32.7-2018-q2-update.linux64_1.0.0.201904181610/tools/bin/../lib/gcc/arm-none-eabi/7.3.1/../../../../arm-none-eabi/lib/thumb/v7e-m/fpv4-sp/hard/libc_nano.a(lib_a-memset.o)
                              /opt/st/stm32cubeide_1.3.0_2/plugins/com.st.stm32cube.ide.mcu.externaltools.gnu-tools-for-stm32.7-2018-q2-update.linux64_1.0.0.201904181610/tools/bin/../lib/gcc/arm-none-eabi/7.3.1/../../../../arm-none-eabi/lib/thumb/v7e-m/fpv4-sp/hard/crt0.o (memset)
/opt/st/stm32cubeide_1.3.0_2/plugins/com.st.stm32cube.ide.mcu.externaltools.gnu-tools-for-stm32.7-2018-q2-update.linux64_1.0.0.201904181610/tools/bin/../lib/gcc/arm-none-eabi/7.3.1/thumb/v7e-m/fpv4-sp/hard/libgcc.a(_aeabi_uldivmod.o)
                              Drivers/STM32L4xx_HAL_Driver/Src/stm32l4xx_hal_uart.o (__aeabi_uldivmod)
/opt/st/stm32cubeide_1.3.0_2/plugins/com.st.stm32cube.ide.mcu.externaltools.gnu-tools-for-stm32.7-2018-q2-update.linux64_1.0.0.201904181610/tools/bin/../lib/gcc/arm-none-eabi/7.3.1/thumb/v7e-m/fpv4-sp/hard/libgcc.a(_udivmoddi4.o)
                              /opt/st/stm32cubeide_1.3.0_2/plugins/com.st.stm32cube.ide.mcu.externaltools.gnu-tools-for-stm32.7-2018-q2-update.linux64_1.0.0.201904181610/tools/bin/../lib/gcc/arm-none-eabi/7.3.1/thumb/v7e-m/fpv4-sp/hard/libgcc.a(_aeabi_uldivmod.o) (__udivmoddi4)
/opt/st/stm32cubeide_1.3.0_2/plugins/com.st.stm32cube.ide.mcu.externaltools.gnu-tools-for-stm32.7-2018-q2-update.linux64_1.0.0.201904181610/tools/bin/../lib/gcc/arm-none-eabi/7.3.1/thumb/v7e-m/fpv4-sp/hard/libgcc.a(_dvmd_tls.o)
                              /opt/st/stm32cubeide_1.3.0_2/plugins/com.st.stm32cube.ide.mcu.externaltools.gnu-tools-for-stm32.7-2018-q2-update.linux64_1.0.0.201904181610/tools/bin/../lib/gcc/arm-none-eabi/7.3.1/thumb/v7e-m/fpv4-sp/hard/libgcc.a(_aeabi_uldivmod.o) (__aeabi_ldiv0)

Allocating common symbols
Common symbol       size              file

uwTick              0x4               Drivers/STM32L4xx_HAL_Driver/Src/stm32l4xx_hal.o

Discarded input sections

 .text          0x0000000000000000        0x0 /opt/st/stm32cubeide_1.3.0_2/plugins/com.st.stm32cube.ide.mcu.externaltools.gnu-tools-for-stm32.7-2018-q2-update.linux64_1.0.0.201904181610/tools/bin/../lib/gcc/arm-none-eabi/7.3.1/thumb/v7e-m/fpv4-sp/hard/crti.o
 .data          0x0000000000000000        0x0 /opt/st/stm32cubeide_1.3.0_2/plugins/com.st.stm32cube.ide.mcu.externaltools.gnu-tools-for-stm32.7-2018-q2-update.linux64_1.0.0.201904181610/tools/bin/../lib/gcc/arm-none-eabi/7.3.1/thumb/v7e-m/fpv4-sp/hard/crti.o
 .bss           0x0000000000000000        0x0 /opt/st/stm32cubeide_1.3.0_2/plugins/com.st.stm32cube.ide.mcu.externaltools.gnu-tools-for-stm32.7-2018-q2-update.linux64_1.0.0.201904181610/tools/bin/../lib/gcc/arm-none-eabi/7.3.1/thumb/v7e-m/fpv4-sp/hard/crti.o
[...]
Memory Configuration

Name             Origin             Length             Attributes
RAM              0x0000000020000000 0x0000000000018000 xrw
RAM2             0x0000000010000000 0x0000000000008000 xrw
FLASH            0x0000000008000000 0x0000000000100000 xr
*default*        0x0000000000000000 0xffffffffffffffff

Linker script and memory map

LOAD /opt/st/stm32cubeide_1.3.0_2/plugins/com.st.stm32cube.ide.mcu.externaltools.gnu-tools-for-stm32.7-2018-q2-update.linux64_1.0.0.201904181610/tools/bin/../lib/gcc/arm-none-eabi/7.3.1/thumb/v7e-m/fpv4-sp/hard/crti.o
LOAD /opt/st/stm32cubeide_1.3.0_2/plugins/com.st.stm32cube.ide.mcu.externaltools.gnu-tools-for-stm32.7-2018-q2-update.linux64_1.0.0.201904181610/tools/bin/../lib/gcc/arm-none-eabi/7.3.1/thumb/v7e-m/fpv4-sp/hard/crtbegin.o
LOAD /opt/st/stm32cubeide_1.3.0_2/plugins/com.st.stm32cube.ide.mcu.externaltools.gnu-tools-for-stm32.7-2018-q2-update.linux64_1.0.0.201904181610/tools/bin/../lib/gcc/arm-none-eabi/7.3.1/../../../../arm-none-eabi/lib/thumb/v7e-m/fpv4-sp/hard/crt0.o
LOAD Core/Src/main.o
LOAD Core/Src/stm32l4xx_hal_msp.o
LOAD Core/Src/stm32l4xx_it.o
LOAD Core/Src/syscalls.o
LOAD Core/Src/sysmem.o
LOAD Core/Src/system_stm32l4xx.o
LOAD Core/Startup/startup_stm32l476rgtx.o
LOAD Drivers/STM32L4xx_HAL_Driver/Src/stm32l4xx_hal.o
LOAD Drivers/STM32L4xx_HAL_Driver/Src/stm32l4xx_hal_adc.o
LOAD Drivers/STM32L4xx_HAL_Driver/Src/stm32l4xx_hal_adc_ex.o
LOAD Drivers/STM32L4xx_HAL_Driver/Src/stm32l4xx_hal_cortex.o
LOAD Drivers/STM32L4xx_HAL_Driver/Src/stm32l4xx_hal_dma.o
LOAD Drivers/STM32L4xx_HAL_Driver/Src/stm32l4xx_hal_dma_ex.o
LOAD Drivers/STM32L4xx_HAL_Driver/Src/stm32l4xx_hal_exti.o
LOAD Drivers/STM32L4xx_HAL_Driver/Src/stm32l4xx_hal_flash.o
LOAD Drivers/STM32L4xx_HAL_Driver/Src/stm32l4xx_hal_flash_ex.o
LOAD Drivers/STM32L4xx_HAL_Driver/Src/stm32l4xx_hal_flash_ramfunc.o
LOAD Drivers/STM32L4xx_HAL_Driver/Src/stm32l4xx_hal_gpio.o
LOAD Drivers/STM32L4xx_HAL_Driver/Src/stm32l4xx_hal_i2c.o
LOAD Drivers/STM32L4xx_HAL_Driver/Src/stm32l4xx_hal_i2c_ex.o
LOAD Drivers/STM32L4xx_HAL_Driver/Src/stm32l4xx_hal_pwr.o
LOAD Drivers/STM32L4xx_HAL_Driver/Src/stm32l4xx_hal_pwr_ex.o
LOAD Drivers/STM32L4xx_HAL_Driver/Src/stm32l4xx_hal_rcc.o
LOAD Drivers/STM32L4xx_HAL_Driver/Src/stm32l4xx_hal_rcc_ex.o
LOAD Drivers/STM32L4xx_HAL_Driver/Src/stm32l4xx_hal_tim.o
LOAD Drivers/STM32L4xx_HAL_Driver/Src/stm32l4xx_hal_tim_ex.o
LOAD Drivers/STM32L4xx_HAL_Driver/Src/stm32l4xx_hal_uart.o
LOAD Drivers/STM32L4xx_HAL_Driver/Src/stm32l4xx_hal_uart_ex.o
START GROUP
LOAD /opt/st/stm32cubeide_1.3.0_2/plugins/com.st.stm32cube.ide.mcu.externaltools.gnu-tools-for-stm32.7-2018-q2-update.linux64_1.0.0.201904181610/tools/bin/../lib/gcc/arm-none-eabi/7.3.1/../../../../arm-none-eabi/lib/thumb/v7e-m/fpv4-sp/hard/libc_nano.a
LOAD /opt/st/stm32cubeide_1.3.0_2/plugins/com.st.stm32cube.ide.mcu.externaltools.gnu-tools-for-stm32.7-2018-q2-update.linux64_1.0.0.201904181610/tools/bin/../lib/gcc/arm-none-eabi/7.3.1/../../../../arm-none-eabi/lib/thumb/v7e-m/fpv4-sp/hard/libm.a
END GROUP
START GROUP
LOAD /opt/st/stm32cubeide_1.3.0_2/plugins/com.st.stm32cube.ide.mcu.externaltools.gnu-tools-for-stm32.7-2018-q2-update.linux64_1.0.0.201904181610/tools/bin/../lib/gcc/arm-none-eabi/7.3.1/thumb/v7e-m/fpv4-sp/hard/libgcc.a
LOAD /opt/st/stm32cubeide_1.3.0_2/plugins/com.st.stm32cube.ide.mcu.externaltools.gnu-tools-for-stm32.7-2018-q2-update.linux64_1.0.0.201904181610/tools/bin/../lib/gcc/arm-none-eabi/7.3.1/../../../../arm-none-eabi/lib/thumb/v7e-m/fpv4-sp/hard/libc_nano.a
END GROUP
START GROUP
LOAD /opt/st/stm32cubeide_1.3.0_2/plugins/com.st.stm32cube.ide.mcu.externaltools.gnu-tools-for-stm32.7-2018-q2-update.linux64_1.0.0.201904181610/tools/bin/../lib/gcc/arm-none-eabi/7.3.1/thumb/v7e-m/fpv4-sp/hard/libgcc.a
LOAD /opt/st/stm32cubeide_1.3.0_2/plugins/com.st.stm32cube.ide.mcu.externaltools.gnu-tools-for-stm32.7-2018-q2-update.linux64_1.0.0.201904181610/tools/bin/../lib/gcc/arm-none-eabi/7.3.1/../../../../arm-none-eabi/lib/thumb/v7e-m/fpv4-sp/hard/libc_nano.a
LOAD /opt/st/stm32cubeide_1.3.0_2/plugins/com.st.stm32cube.ide.mcu.externaltools.gnu-tools-for-stm32.7-2018-q2-update.linux64_1.0.0.201904181610/tools/bin/../lib/gcc/arm-none-eabi/7.3.1/../../../../arm-none-eabi/lib/thumb/v7e-m/fpv4-sp/hard/libnosys.a
END GROUP
START GROUP
LOAD /opt/st/stm32cubeide_1.3.0_2/plugins/com.st.stm32cube.ide.mcu.externaltools.gnu-tools-for-stm32.7-2018-q2-update.linux64_1.0.0.201904181610/tools/bin/../lib/gcc/arm-none-eabi/7.3.1/thumb/v7e-m/fpv4-sp/hard/libgcc.a
LOAD /opt/st/stm32cubeide_1.3.0_2/plugins/com.st.stm32cube.ide.mcu.externaltools.gnu-tools-for-stm32.7-2018-q2-update.linux64_1.0.0.201904181610/tools/bin/../lib/gcc/arm-none-eabi/7.3.1/../../../../arm-none-eabi/lib/thumb/v7e-m/fpv4-sp/hard/libc_nano.a
LOAD /opt/st/stm32cubeide_1.3.0_2/plugins/com.st.stm32cube.ide.mcu.externaltools.gnu-tools-for-stm32.7-2018-q2-update.linux64_1.0.0.201904181610/tools/bin/../lib/gcc/arm-none-eabi/7.3.1/../../../../arm-none-eabi/lib/thumb/v7e-m/fpv4-sp/hard/libnosys.a
END GROUP
LOAD /opt/st/stm32cubeide_1.3.0_2/plugins/com.st.stm32cube.ide.mcu.externaltools.gnu-tools-for-stm32.7-2018-q2-update.linux64_1.0.0.201904181610/tools/bin/../lib/gcc/arm-none-eabi/7.3.1/thumb/v7e-m/fpv4-sp/hard/crtend.o
LOAD /opt/st/stm32cubeide_1.3.0_2/plugins/com.st.stm32cube.ide.mcu.externaltools.gnu-tools-for-stm32.7-2018-q2-update.linux64_1.0.0.201904181610/tools/bin/../lib/gcc/arm-none-eabi/7.3.1/thumb/v7e-m/fpv4-sp/hard/crtn.o
                0x0000000020018000                _estack = (ORIGIN (RAM) + LENGTH (RAM))
                0x0000000000000200                _Min_Heap_Size = 0x200
                0x0000000000000400                _Min_Stack_Size = 0x400

.isr_vector     0x0000000008000000      0x188
                0x0000000008000000                . = ALIGN (0x4)
 *(.isr_vector)
 .isr_vector    0x0000000008000000      0x188 Core/Startup/startup_stm32l476rgtx.o
                0x0000000008000000                g_pfnVectors
                0x0000000008000188                . = ALIGN (0x4)

.text           0x0000000008000188      0x340
                0x0000000008000188                . = ALIGN (0x4)
 *(.text)
 .text          0x0000000008000188       0x40 /opt/st/stm32cubeide_1.3.0_2/plugins/com.st.stm32cube.ide.mcu.externaltools.gnu-tools-for-stm32.7-2018-q2-update.linux64_1.0.0.201904181610/tools/bin/../lib/gcc/arm-none-eabi/7.3.1/thumb/v7e-m/fpv4-sp/hard/crtbegin.o
 *(.text*)
 .text.delay    0x00000000080001c8       0x2a Core/Src/main.o
                0x00000000080001c8                delay
 *fill*         0x00000000080001f2        0x2 
 .text.main     0x00000000080001f4      0x134 Core/Src/main.o
                0x00000000080001f4                main
 .text.NMI_Handler
                0x0000000008000328        0xe Core/Src/stm32l4xx_it.o
                0x0000000008000328                NMI_Handler
 .text.HardFault_Handler
                0x0000000008000336        0x6 Core/Src/stm32l4xx_it.o
                0x0000000008000336                HardFault_Handler
 .text.MemManage_Handler
                0x000000000800033c        0x6 Core/Src/stm32l4xx_it.o
                0x000000000800033c                MemManage_Handler
 .text.BusFault_Handler
                0x0000000008000342        0x6 Core/Src/stm32l4xx_it.o
                0x0000000008000342                BusFault_Handler
 .text.UsageFault_Handler
                0x0000000008000348        0x6 Core/Src/stm32l4xx_it.o
                0x0000000008000348                UsageFault_Handler
 .text.SVC_Handler
                0x000000000800034e        0xe Core/Src/stm32l4xx_it.o
                0x000000000800034e                SVC_Handler
 .text.DebugMon_Handler
                0x000000000800035c        0xe Core/Src/stm32l4xx_it.o
                0x000000000800035c                DebugMon_Handler
 .text.PendSV_Handler
                0x000000000800036a        0xe Core/Src/stm32l4xx_it.o
                0x000000000800036a                PendSV_Handler
 .text.SysTick_Handler
                0x0000000008000378        0xc Core/Src/stm32l4xx_it.o
                0x0000000008000378                SysTick_Handler
 .text.SystemInit
                0x0000000008000384       0x6c Core/Src/system_stm32l4xx.o
                0x0000000008000384                SystemInit
 .text.Reset_Handler
                0x00000000080003f0       0x50 Core/Startup/startup_stm32l476rgtx.o
                0x00000000080003f0                Reset_Handler
 .text.Default_Handler
                0x0000000008000440        0x2 Core/Startup/startup_stm32l476rgtx.o
                0x0000000008000440                RTC_Alarm_IRQHandler
                0x0000000008000440                EXTI2_IRQHandler
                0x0000000008000440                TIM8_TRG_COM_IRQHandler
                0x0000000008000440                TIM8_CC_IRQHandler
                0x0000000008000440                TIM1_CC_IRQHandler
                0x0000000008000440                TSC_IRQHandler
                0x0000000008000440                TAMP_STAMP_IRQHandler
                0x0000000008000440                EXTI3_IRQHandler
                0x0000000008000440                LPTIM2_IRQHandler
                0x0000000008000440                DFSDM1_FLT1_IRQHandler
                0x0000000008000440                I2C3_ER_IRQHandler
                0x0000000008000440                DFSDM1_FLT2_IRQHandler
                0x0000000008000440                EXTI0_IRQHandler
                0x0000000008000440                I2C2_EV_IRQHandler
                0x0000000008000440                CAN1_RX0_IRQHandler
                0x0000000008000440                FPU_IRQHandler
                0x0000000008000440                TIM1_UP_TIM16_IRQHandler
                0x0000000008000440                ADC1_2_IRQHandler
                0x0000000008000440                SPI1_IRQHandler
                0x0000000008000440                TIM6_DAC_IRQHandler
                0x0000000008000440                TIM8_UP_IRQHandler
                0x0000000008000440                DMA2_Channel2_IRQHandler
                0x0000000008000440                DMA1_Channel4_IRQHandler
                0x0000000008000440                SAI2_IRQHandler
                0x0000000008000440                DFSDM1_FLT3_IRQHandler
                0x0000000008000440                USART3_IRQHandler
                0x0000000008000440                DMA1_Channel7_IRQHandler
                0x0000000008000440                CAN1_RX1_IRQHandler
                0x0000000008000440                LCD_IRQHandler
                0x0000000008000440                UART5_IRQHandler
                0x0000000008000440                ADC3_IRQHandler
                0x0000000008000440                TIM4_IRQHandler
                0x0000000008000440                DMA2_Channel1_IRQHandler
                0x0000000008000440                QUADSPI_IRQHandler
                0x0000000008000440                I2C1_EV_IRQHandler
                0x0000000008000440                DMA1_Channel6_IRQHandler
                0x0000000008000440                UART4_IRQHandler
                0x0000000008000440                DMA2_Channel4_IRQHandler
                0x0000000008000440                TIM3_IRQHandler
                0x0000000008000440                RCC_IRQHandler
                0x0000000008000440                DMA1_Channel1_IRQHandler
                0x0000000008000440                Default_Handler
                0x0000000008000440                DMA2_Channel7_IRQHandler
                0x0000000008000440                EXTI15_10_IRQHandler
                0x0000000008000440                TIM7_IRQHandler
                0x0000000008000440                SDMMC1_IRQHandler
                0x0000000008000440                TIM5_IRQHandler
                0x0000000008000440                I2C3_EV_IRQHandler
                0x0000000008000440                EXTI9_5_IRQHandler
                0x0000000008000440                RTC_WKUP_IRQHandler
                0x0000000008000440                PVD_PVM_IRQHandler
                0x0000000008000440                SPI2_IRQHandler
                0x0000000008000440                CAN1_TX_IRQHandler
                0x0000000008000440                DMA2_Channel5_IRQHandler
                0x0000000008000440                DMA1_Channel5_IRQHandler
                0x0000000008000440                EXTI4_IRQHandler
                0x0000000008000440                RNG_IRQHandler
                0x0000000008000440                TIM1_TRG_COM_TIM17_IRQHandler
                0x0000000008000440                DMA1_Channel3_IRQHandler
                0x0000000008000440                COMP_IRQHandler
                0x0000000008000440                WWDG_IRQHandler
                0x0000000008000440                LPUART1_IRQHandler
                0x0000000008000440                DMA2_Channel6_IRQHandler
                0x0000000008000440                TIM2_IRQHandler
                0x0000000008000440                EXTI1_IRQHandler
                0x0000000008000440                USART2_IRQHandler
                0x0000000008000440                DFSDM1_FLT0_IRQHandler
                0x0000000008000440                I2C2_ER_IRQHandler
                0x0000000008000440                DMA1_Channel2_IRQHandler
                0x0000000008000440                TIM8_BRK_IRQHandler
                0x0000000008000440                CAN1_SCE_IRQHandler
                0x0000000008000440                FLASH_IRQHandler
                0x0000000008000440                USART1_IRQHandler
                0x0000000008000440                OTG_FS_IRQHandler
                0x0000000008000440                SPI3_IRQHandler
                0x0000000008000440                I2C1_ER_IRQHandler
                0x0000000008000440                FMC_IRQHandler
                0x0000000008000440                SWPMI1_IRQHandler
                0x0000000008000440                LPTIM1_IRQHandler
                0x0000000008000440                SAI1_IRQHandler
                0x0000000008000440                DMA2_Channel3_IRQHandler
                0x0000000008000440                TIM1_BRK_TIM15_IRQHandler
 *fill*         0x0000000008000442        0x2 
 .text.HAL_IncTick
                0x0000000008000444       0x24 Drivers/STM32L4xx_HAL_Driver/Src/stm32l4xx_hal.o
                0x0000000008000444                HAL_IncTick
 .text.__libc_init_array
                0x0000000008000468       0x48 /opt/st/stm32cubeide_1.3.0_2/plugins/com.st.stm32cube.ide.mcu.externaltools.gnu-tools-for-stm32.7-2018-q2-update.linux64_1.0.0.201904181610/tools/bin/../lib/gcc/arm-none-eabi/7.3.1/../../../../arm-none-eabi/lib/thumb/v7e-m/fpv4-sp/hard/libc_nano.a(lib_a-init.o)
                0x0000000008000468                __libc_init_array
 *(.glue_7)
 .glue_7        0x00000000080004b0        0x0 linker stubs
 *(.glue_7t)
 .glue_7t       0x00000000080004b0        0x0 linker stubs
 *(.eh_frame)
 .eh_frame      0x00000000080004b0        0x0 /opt/st/stm32cubeide_1.3.0_2/plugins/com.st.stm32cube.ide.mcu.externaltools.gnu-tools-for-stm32.7-2018-q2-update.linux64_1.0.0.201904181610/tools/bin/../lib/gcc/arm-none-eabi/7.3.1/thumb/v7e-m/fpv4-sp/hard/crtbegin.o
 *(.init)
 .init          0x00000000080004b0        0x4 /opt/st/stm32cubeide_1.3.0_2/plugins/com.st.stm32cube.ide.mcu.externaltools.gnu-tools-for-stm32.7-2018-q2-update.linux64_1.0.0.201904181610/tools/bin/../lib/gcc/arm-none-eabi/7.3.1/thumb/v7e-m/fpv4-sp/hard/crti.o
                0x00000000080004b0                _init
 .init          0x00000000080004b4        0x8 /opt/st/stm32cubeide_1.3.0_2/plugins/com.st.stm32cube.ide.mcu.externaltools.gnu-tools-for-stm32.7-2018-q2-update.linux64_1.0.0.201904181610/tools/bin/../lib/gcc/arm-none-eabi/7.3.1/thumb/v7e-m/fpv4-sp/hard/crtn.o
 *(.fini)
 .fini          0x00000000080004bc        0x4 /opt/st/stm32cubeide_1.3.0_2/plugins/com.st.stm32cube.ide.mcu.externaltools.gnu-tools-for-stm32.7-2018-q2-update.linux64_1.0.0.201904181610/tools/bin/../lib/gcc/arm-none-eabi/7.3.1/thumb/v7e-m/fpv4-sp/hard/crti.o
                0x00000000080004bc                _fini
 .fini          0x00000000080004c0        0x8 /opt/st/stm32cubeide_1.3.0_2/plugins/com.st.stm32cube.ide.mcu.externaltools.gnu-tools-for-stm32.7-2018-q2-update.linux64_1.0.0.201904181610/tools/bin/../lib/gcc/arm-none-eabi/7.3.1/thumb/v7e-m/fpv4-sp/hard/crtn.o
                0x00000000080004c8                . = ALIGN (0x4)
                0x00000000080004c8                _etext = .

.vfp11_veneer   0x00000000080004c8        0x0
 .vfp11_veneer  0x00000000080004c8        0x0 linker stubs

.v4_bx          0x00000000080004c8        0x0
 .v4_bx         0x00000000080004c8        0x0 linker stubs

.iplt           0x00000000080004c8        0x0
 .iplt          0x00000000080004c8        0x0 /opt/st/stm32cubeide_1.3.0_2/plugins/com.st.stm32cube.ide.mcu.externaltools.gnu-tools-for-stm32.7-2018-q2-update.linux64_1.0.0.201904181610/tools/bin/../lib/gcc/arm-none-eabi/7.3.1/thumb/v7e-m/fpv4-sp/hard/crtbegin.o

.rel.dyn        0x00000000080004c8        0x0
 .rel.iplt      0x00000000080004c8        0x0 /opt/st/stm32cubeide_1.3.0_2/plugins/com.st.stm32cube.ide.mcu.externaltools.gnu-tools-for-stm32.7-2018-q2-update.linux64_1.0.0.201904181610/tools/bin/../lib/gcc/arm-none-eabi/7.3.1/thumb/v7e-m/fpv4-sp/hard/crtbegin.o

.rodata         0x00000000080004c8        0x0
                0x00000000080004c8                . = ALIGN (0x4)
 *(.rodata)
 *(.rodata*)
                0x00000000080004c8                . = ALIGN (0x4)

.ARM.extab      0x00000000080004c8        0x0
                0x00000000080004c8                . = ALIGN (0x4)
 *(.ARM.extab* .gnu.linkonce.armextab.*)
                0x00000000080004c8                . = ALIGN (0x4)

.ARM            0x00000000080004c8        0x0
                0x00000000080004c8                . = ALIGN (0x4)
                0x00000000080004c8                __exidx_start = .
 *(.ARM.exidx*)
                0x00000000080004c8                __exidx_end = .
                0x00000000080004c8                . = ALIGN (0x4)

.preinit_array  0x00000000080004c8        0x0
                0x00000000080004c8                . = ALIGN (0x4)
                0x00000000080004c8                PROVIDE (__preinit_array_start = .)
 *(.preinit_array*)
                0x00000000080004c8                PROVIDE (__preinit_array_end = .)
                0x00000000080004c8                . = ALIGN (0x4)

.init_array     0x00000000080004c8        0x4
                0x00000000080004c8                . = ALIGN (0x4)
                0x00000000080004c8                PROVIDE (__init_array_start = .)
 *(SORT_BY_NAME(.init_array.*))
 *(.init_array*)
 .init_array    0x00000000080004c8        0x4 /opt/st/stm32cubeide_1.3.0_2/plugins/com.st.stm32cube.ide.mcu.externaltools.gnu-tools-for-stm32.7-2018-q2-update.linux64_1.0.0.201904181610/tools/bin/../lib/gcc/arm-none-eabi/7.3.1/thumb/v7e-m/fpv4-sp/hard/crtbegin.o
                0x00000000080004cc                PROVIDE (__init_array_end = .)
                0x00000000080004cc                . = ALIGN (0x4)

.fini_array     0x00000000080004cc        0x4
                0x00000000080004cc                . = ALIGN (0x4)
                [!provide]                        PROVIDE (__fini_array_start = .)
 *(SORT_BY_NAME(.fini_array.*))
 *(.fini_array*)
 .fini_array    0x00000000080004cc        0x4 /opt/st/stm32cubeide_1.3.0_2/plugins/com.st.stm32cube.ide.mcu.externaltools.gnu-tools-for-stm32.7-2018-q2-update.linux64_1.0.0.201904181610/tools/bin/../lib/gcc/arm-none-eabi/7.3.1/thumb/v7e-m/fpv4-sp/hard/crtbegin.o
                [!provide]                        PROVIDE (__fini_array_end = .)
                0x00000000080004d0                . = ALIGN (0x4)
                0x00000000080004d0                _sidata = LOADADDR (.data)

.data           0x0000000020000000        0x4 load address 0x00000000080004d0
                0x0000000020000000                . = ALIGN (0x4)
                0x0000000020000000                _sdata = .
 *(.data)
 *(.data*)
 .data.uwTickFreq
                0x0000000020000000        0x4 Drivers/STM32L4xx_HAL_Driver/Src/stm32l4xx_hal.o
                0x0000000020000000                uwTickFreq
                0x0000000020000004                . = ALIGN (0x4)
                0x0000000020000004                _edata = .

.igot.plt       0x0000000020000004        0x0 load address 0x00000000080004d4
 .igot.plt      0x0000000020000004        0x0 /opt/st/stm32cubeide_1.3.0_2/plugins/com.st.stm32cube.ide.mcu.externaltools.gnu-tools-for-stm32.7-2018-q2-update.linux64_1.0.0.201904181610/tools/bin/../lib/gcc/arm-none-eabi/7.3.1/thumb/v7e-m/fpv4-sp/hard/crtbegin.o
                0x0000000020000004                . = ALIGN (0x4)

.bss            0x0000000020000004       0x20 load address 0x00000000080004d4
                0x0000000020000004                _sbss = .
                0x0000000020000004                __bss_start__ = _sbss
 *(.bss)
 .bss           0x0000000020000004       0x1c /opt/st/stm32cubeide_1.3.0_2/plugins/com.st.stm32cube.ide.mcu.externaltools.gnu-tools-for-stm32.7-2018-q2-update.linux64_1.0.0.201904181610/tools/bin/../lib/gcc/arm-none-eabi/7.3.1/thumb/v7e-m/fpv4-sp/hard/crtbegin.o
 *(.bss*)
 *(COMMON)
 COMMON         0x0000000020000020        0x4 Drivers/STM32L4xx_HAL_Driver/Src/stm32l4xx_hal.o
                0x0000000020000020                uwTick
                0x0000000020000024                . = ALIGN (0x4)
                0x0000000020000024                _ebss = .
                0x0000000020000024                __bss_end__ = _ebss

._user_heap_stack
                0x0000000020000024      0x604 load address 0x00000000080004d4
                0x0000000020000028                . = ALIGN (0x8)
 *fill*         0x0000000020000024        0x4 
                0x0000000020000028                PROVIDE (end = .)
                [!provide]                        PROVIDE (_end = .)
                0x0000000020000228                . = (. + _Min_Heap_Size)
 *fill*         0x0000000020000028      0x200 
                0x0000000020000628                . = (. + _Min_Stack_Size)
 *fill*         0x0000000020000228      0x400 
                0x0000000020000628                . = ALIGN (0x8)

/DISCARD/
 libc.a(*)
 libm.a(*)
 libgcc.a(*)

.ARM.attributes
                0x0000000000000000       0x30
 *(.ARM.attributes)
 .ARM.attributes
                0x0000000000000000       0x22 /opt/st/stm32cubeide_1.3.0_2/plugins/com.st.stm32cube.ide.mcu.externaltools.gnu-tools-for-stm32.7-2018-q2-update.linux64_1.0.0.201904181610/tools/bin/../lib/gcc/arm-none-eabi/7.3.1/thumb/v7e-m/fpv4-sp/hard/crti.o
 .ARM.attributes
                0x0000000000000022       0x34 /opt/st/stm32cubeide_1.3.0_2/plugins/com.st.stm32cube.ide.mcu.externaltools.gnu-tools-for-stm32.7-2018-q2-update.linux64_1.0.0.201904181610/tools/bin/../lib/gcc/arm-none-eabi/7.3.1/thumb/v7e-m/fpv4-sp/hard/crtbegin.o
 .ARM.attributes
                0x0000000000000056       0x39 Core/Src/main.o
 .ARM.attributes
                0x000000000000008f       0x39 Core/Src/stm32l4xx_it.o
 .ARM.attributes
                0x00000000000000c8       0x39 Core/Src/system_stm32l4xx.o
 .ARM.attributes
                0x0000000000000101       0x21 Core/Startup/startup_stm32l476rgtx.o
 .ARM.attributes
                0x0000000000000122       0x39 Drivers/STM32L4xx_HAL_Driver/Src/stm32l4xx_hal.o
 .ARM.attributes
                0x000000000000015b       0x34 /opt/st/stm32cubeide_1.3.0_2/plugins/com.st.stm32cube.ide.mcu.externaltools.gnu-tools-for-stm32.7-2018-q2-update.linux64_1.0.0.201904181610/tools/bin/../lib/gcc/arm-none-eabi/7.3.1/../../../../arm-none-eabi/lib/thumb/v7e-m/fpv4-sp/hard/libc_nano.a(lib_a-init.o)
 .ARM.attributes
                0x000000000000018f       0x22 /opt/st/stm32cubeide_1.3.0_2/plugins/com.st.stm32cube.ide.mcu.externaltools.gnu-tools-for-stm32.7-2018-q2-update.linux64_1.0.0.201904181610/tools/bin/../lib/gcc/arm-none-eabi/7.3.1/thumb/v7e-m/fpv4-sp/hard/crtn.o
OUTPUT(ADC_MODULE.elf elf32-littlearm)

.debug_info     0x0000000000000000     0x1c54
 .debug_info    0x0000000000000000      0x644 Core/Src/main.o
 .debug_info    0x0000000000000644      0x318 Core/Src/stm32l4xx_it.o
 .debug_info    0x000000000000095c      0x6f6 Core/Src/system_stm32l4xx.o
 .debug_info    0x0000000000001052       0x22 Core/Startup/startup_stm32l476rgtx.o
 .debug_info    0x0000000000001074      0xbe0 Drivers/STM32L4xx_HAL_Driver/Src/stm32l4xx_hal.o

.debug_abbrev   0x0000000000000000      0x570
 .debug_abbrev  0x0000000000000000      0x131 Core/Src/main.o
 .debug_abbrev  0x0000000000000131       0xe2 Core/Src/stm32l4xx_it.o
 .debug_abbrev  0x0000000000000213      0x150 Core/Src/system_stm32l4xx.o
 .debug_abbrev  0x0000000000000363       0x12 Core/Startup/startup_stm32l476rgtx.o
 .debug_abbrev  0x0000000000000375      0x1fb Drivers/STM32L4xx_HAL_Driver/Src/stm32l4xx_hal.o

.debug_aranges  0x0000000000000000      0x208
 .debug_aranges
                0x0000000000000000       0x28 Core/Src/main.o
 .debug_aranges
                0x0000000000000028       0x60 Core/Src/stm32l4xx_it.o
 .debug_aranges
                0x0000000000000088       0x28 Core/Src/system_stm32l4xx.o
 .debug_aranges
                0x00000000000000b0       0x28 Core/Startup/startup_stm32l476rgtx.o
 .debug_aranges
                0x00000000000000d8      0x130 Drivers/STM32L4xx_HAL_Driver/Src/stm32l4xx_hal.o

.debug_ranges   0x0000000000000000      0x1c0
 .debug_ranges  0x0000000000000000       0x18 Core/Src/main.o
 .debug_ranges  0x0000000000000018       0x50 Core/Src/stm32l4xx_it.o
 .debug_ranges  0x0000000000000068       0x18 Core/Src/system_stm32l4xx.o
 .debug_ranges  0x0000000000000080       0x20 Core/Startup/startup_stm32l476rgtx.o
 .debug_ranges  0x00000000000000a0      0x120 Drivers/STM32L4xx_HAL_Driver/Src/stm32l4xx_hal.o

.debug_macro    0x0000000000000000    0x1c987
 .debug_macro   0x0000000000000000       0xd1 Core/Src/main.o
 .debug_macro   0x00000000000000d1      0xa5a Core/Src/main.o
 .debug_macro   0x0000000000000b2b       0x28 Core/Src/main.o
 .debug_macro   0x0000000000000b53       0x22 Core/Src/main.o
 .debug_macro   0x0000000000000b75       0x8e Core/Src/main.o
 .debug_macro   0x0000000000000c03       0x51 Core/Src/main.o
 .debug_macro   0x0000000000000c54       0xef Core/Src/main.o
 .debug_macro   0x0000000000000d43       0x6a Core/Src/main.o
 .debug_macro   0x0000000000000dad      0x1df Core/Src/main.o
 .debug_macro   0x0000000000000f8c       0x1c Core/Src/main.o
 .debug_macro   0x0000000000000fa8       0x22 Core/Src/main.o
 .debug_macro   0x0000000000000fca       0xdf Core/Src/main.o
 .debug_macro   0x00000000000010a9     0x102d Core/Src/main.o
 .debug_macro   0x00000000000020d6      0x11f Core/Src/main.o
 .debug_macro   0x00000000000021f5    0x1a13d Core/Src/main.o
 .debug_macro   0x000000000001c332      0x211 Core/Src/stm32l4xx_it.o
 .debug_macro   0x000000000001c543      0x1fe Core/Src/system_stm32l4xx.o
 .debug_macro   0x000000000001c741      0x246 Drivers/STM32L4xx_HAL_Driver/Src/stm32l4xx_hal.o

.debug_line     0x0000000000000000     0x1d68
 .debug_line    0x0000000000000000      0x461 Core/Src/main.o
 .debug_line    0x0000000000000461      0x7ab Core/Src/stm32l4xx_it.o
 .debug_line    0x0000000000000c0c      0x732 Core/Src/system_stm32l4xx.o
 .debug_line    0x000000000000133e       0x85 Core/Startup/startup_stm32l476rgtx.o
 .debug_line    0x00000000000013c3      0x9a5 Drivers/STM32L4xx_HAL_Driver/Src/stm32l4xx_hal.o

.debug_str      0x0000000000000000    0xf47fa
 .debug_str     0x0000000000000000    0x9e003 Core/Src/main.o
                                      0x9e1c5 (size before relaxing)
 .debug_str     0x000000000009e003    0x55c86 Core/Src/stm32l4xx_it.o
                                      0xf3ea7 (size before relaxing)
 .debug_str     0x00000000000f3c89       0xcd Core/Src/system_stm32l4xx.o
                                      0xf3fd5 (size before relaxing)
 .debug_str     0x00000000000f3d56       0x70 Core/Startup/startup_stm32l476rgtx.o
 .debug_str     0x00000000000f3dc6      0xa34 Drivers/STM32L4xx_HAL_Driver/Src/stm32l4xx_hal.o
                                      0xf4aac (size before relaxing)

.comment        0x0000000000000000       0x7b
 .comment       0x0000000000000000       0x7b Core/Src/main.o
                                         0x7c (size before relaxing)
 .comment       0x000000000000007b       0x7c Core/Src/stm32l4xx_it.o
 .comment       0x000000000000007b       0x7c Core/Src/system_stm32l4xx.o
 .comment       0x000000000000007b       0x7c Drivers/STM32L4xx_HAL_Driver/Src/stm32l4xx_hal.o

.debug_frame    0x0000000000000000      0x680
 .debug_frame   0x0000000000000000       0x58 Core/Src/main.o
 .debug_frame   0x0000000000000058      0x10c Core/Src/stm32l4xx_it.o
 .debug_frame   0x0000000000000164       0x58 Core/Src/system_stm32l4xx.o
 .debug_frame   0x00000000000001bc      0x498 Drivers/STM32L4xx_HAL_Driver/Src/stm32l4xx_hal.o
 .debug_frame   0x0000000000000654       0x2c /opt/st/stm32cubeide_1.3.0_2/plugins/com.st.stm32cube.ide.mcu.externaltools.gnu-tools-for-stm32.7-2018-q2-update.linux64_1.0.0.201904181610/tools/bin/../lib/gcc/arm-none-eabi/7.3.1/../../../../arm-none-eabi/lib/thumb/v7e-m/fpv4-sp/hard/libc_nano.a(lib_a-init.o)
